[    0.000000] Linux version 5.7.0-rc3-next-20200501 (lancelot@Tamagochi-Linux) (gcc version 9.2.0 (GCC), GNU ld (GNU Binutils) 2.32) #1 SMP Sun May 3 18:52:59 CEST 2020
[    0.000000] Command line: BOOT_IMAGE=/vmlinuz-5.7.0-rc3-next-20200501 root=/dev/sda4 ro
[    0.000000] [Firmware Bug]: TSC doesn't count with P0 frequency!
[    0.000000] x86/fpu: Supporting XSAVE feature 0x001: 'x87 floating point registers'
[    0.000000] x86/fpu: Supporting XSAVE feature 0x002: 'SSE registers'
[    0.000000] x86/fpu: Supporting XSAVE feature 0x004: 'AVX registers'
[    0.000000] x86/fpu: xstate_offset[2]:  576, xstate_sizes[2]:  256
[    0.000000] x86/fpu: Enabled xstate features 0x7, context size is 832 bytes, using 'standard' format.
[    0.000000] BIOS-provided physical RAM map:
[    0.000000] BIOS-e820: [mem 0x0000000000000000-0x000000000009fbff] usable
[    0.000000] BIOS-e820: [mem 0x000000000009fc00-0x000000000009ffff] reserved
[    0.000000] BIOS-e820: [mem 0x00000000000f0000-0x00000000000fffff] reserved
[    0.000000] BIOS-e820: [mem 0x0000000000100000-0x000000003ffeffff] usable
[    0.000000] BIOS-e820: [mem 0x000000003fff0000-0x000000003fffffff] ACPI data
[    0.000000] BIOS-e820: [mem 0x00000000fec00000-0x00000000fec00fff] reserved
[    0.000000] BIOS-e820: [mem 0x00000000fee00000-0x00000000fee00fff] reserved
[    0.000000] BIOS-e820: [mem 0x00000000fffc0000-0x00000000ffffffff] reserved
[    0.000000] NX (Execute Disable) protection: active
[    0.000000] SMBIOS 2.5 present.
[    0.000000] DMI: innotek GmbH VirtualBox/VirtualBox, BIOS VirtualBox 12/01/2006
[    0.000000] tsc: Fast TSC calibration using PIT
[    0.000000] tsc: Detected 2295.862 MHz processor
[    0.000837] e820: update [mem 0x00000000-0x00000fff] usable ==> reserved
[    0.000839] e820: remove [mem 0x000a0000-0x000fffff] usable
[    0.000843] last_pfn = 0x3fff0 max_arch_pfn = 0x400000000
[    0.000857] MTRR default type: uncachable
[    0.000857] MTRR variable ranges disabled:
[    0.000858] Disabled
[    0.000859] x86/PAT: MTRRs disabled, skipping PAT initialization too.
[    0.000861] CPU MTRRs all blank - virtualized system.
[    0.000864] x86/PAT: Configuration [0-7]: WB  WT  UC- UC  WB  WT  UC- UC  
[    0.000903] found SMP MP-table at [mem 0x0009fff0-0x0009ffff]
[    0.000922] check: Scanning 1 areas for low memory corruption
[    0.000940] BRK [0x15801000, 0x15801fff] PGTABLE
[    0.000942] BRK [0x15802000, 0x15802fff] PGTABLE
[    0.000942] BRK [0x15803000, 0x15803fff] PGTABLE
[    0.000963] BRK [0x15804000, 0x15804fff] PGTABLE
[    0.001026] BRK [0x15805000, 0x15805fff] PGTABLE
[    0.001051] ACPI: Early table checksum verification disabled
[    0.001055] ACPI: RSDP 0x00000000000E0000 000024 (v02 VBOX  )
[    0.001058] ACPI: XSDT 0x000000003FFF0030 00003C (v01 VBOX   VBOXXSDT 00000001 ASL  00000061)
[    0.001063] ACPI: FACP 0x000000003FFF00F0 0000F4 (v04 VBOX   VBOXFACP 00000001 ASL  00000061)
[    0.001067] ACPI: DSDT 0x000000003FFF0470 002325 (v02 VBOX   VBOXBIOS 00000002 INTL 20200326)
[    0.001070] ACPI: FACS 0x000000003FFF0200 000040
[    0.001071] ACPI: FACS 0x000000003FFF0200 000040
[    0.001073] ACPI: APIC 0x000000003FFF0240 000054 (v02 VBOX   VBOXAPIC 00000001 ASL  00000061)
[    0.001075] ACPI: SSDT 0x000000003FFF02A0 0001CC (v01 VBOX   VBOXCPUT 00000002 INTL 20200326)
[    0.001081] ACPI: Local APIC address 0xfee00000
[    0.001267] No NUMA configuration found
[    0.001268] Faking a node at [mem 0x0000000000000000-0x000000003ffeffff]
[    0.001271] NODE_DATA(0) allocated [mem 0x3ffec000-0x3ffeffff]
[    0.001283] Zone ranges:
[    0.001284]   DMA      [mem 0x0000000000001000-0x0000000000ffffff]
[    0.001285]   DMA32    [mem 0x0000000001000000-0x000000003ffeffff]
[    0.001286]   Normal   empty
[    0.001287] Movable zone start for each node
[    0.001287] Early memory node ranges
[    0.001288]   node   0: [mem 0x0000000000001000-0x000000000009efff]
[    0.001289]   node   0: [mem 0x0000000000100000-0x000000003ffeffff]
[    0.001561] Zeroed struct page in unavailable ranges: 114 pages
[    0.001561] Initmem setup node 0 [mem 0x0000000000001000-0x000000003ffeffff]
[    0.001563] On node 0 totalpages: 262030
[    0.001564]   DMA zone: 64 pages used for memmap
[    0.001564]   DMA zone: 21 pages reserved
[    0.001565]   DMA zone: 3998 pages, LIFO batch:0
[    0.001593]   DMA32 zone: 4032 pages used for memmap
[    0.001593]   DMA32 zone: 258032 pages, LIFO batch:63
[    0.005484] ACPI: PM-Timer IO Port: 0x4008
[    0.005488] ACPI: Local APIC address 0xfee00000
[    0.005551] IOAPIC[0]: apic_id 1, version 32, address 0xfec00000, GSI 0-23
[    0.005554] ACPI: INT_SRC_OVR (bus 0 bus_irq 0 global_irq 2 dfl dfl)
[    0.005555] ACPI: INT_SRC_OVR (bus 0 bus_irq 9 global_irq 9 low level)
[    0.005558] ACPI: IRQ0 used by override.
[    0.005559] ACPI: IRQ9 used by override.
[    0.005561] Using ACPI (MADT) for SMP configuration information
[    0.005570] smpboot: Allowing 1 CPUs, 0 hotplug CPUs
[    0.005593] PM: hibernation: Registered nosave memory: [mem 0x00000000-0x00000fff]
[    0.005594] PM: hibernation: Registered nosave memory: [mem 0x0009f000-0x0009ffff]
[    0.005595] PM: hibernation: Registered nosave memory: [mem 0x000a0000-0x000effff]
[    0.005595] PM: hibernation: Registered nosave memory: [mem 0x000f0000-0x000fffff]
[    0.005598] [mem 0x40000000-0xfebfffff] available for PCI devices
[    0.005605] clocksource: refined-jiffies: mask: 0xffffffff max_cycles: 0xffffffff, max_idle_ns: 1910969940391419 ns
[    0.010624] setup_percpu: NR_CPUS:64 nr_cpumask_bits:64 nr_cpu_ids:1 nr_node_ids:1
[    0.011240] percpu: Embedded 53 pages/cpu s176600 r8192 d32296 u2097152
[    0.011246] pcpu-alloc: s176600 r8192 d32296 u2097152 alloc=1*2097152
[    0.011247] pcpu-alloc: [0] 0 
[    0.011263] Built 1 zonelists, mobility grouping on.  Total pages: 257913
[    0.011264] Policy zone: DMA32
[    0.011267] Kernel command line: BOOT_IMAGE=/vmlinuz-5.7.0-rc3-next-20200501 root=/dev/sda4 ro
[    0.011421] Dentry cache hash table entries: 131072 (order: 8, 1048576 bytes, linear)
[    0.011494] Inode-cache hash table entries: 65536 (order: 7, 524288 bytes, linear)
[    0.011527] mem auto-init: stack:off, heap alloc:off, heap free:off
[    0.014060] Memory: 1001116K/1048120K available (14340K kernel code, 1513K rwdata, 3348K rodata, 1172K init, 1084K bss, 47004K reserved, 0K cma-reserved)
[    0.014689] SLUB: HWalign=64, Order=0-3, MinObjects=0, CPUs=1, Nodes=1
[    0.017065] rcu: Hierarchical RCU implementation.
[    0.017068] rcu: 	RCU event tracing is enabled.
[    0.017069] rcu: 	RCU restricting CPUs from NR_CPUS=64 to nr_cpu_ids=1.
[    0.017071] rcu: RCU calculated value of scheduler-enlistment delay is 100 jiffies.
[    0.017072] rcu: Adjusting geometry for rcu_fanout_leaf=16, nr_cpu_ids=1
[    0.017236] NR_IRQS: 4352, nr_irqs: 256, preallocated irqs: 16
[    0.019100] random: get_random_bytes called from start_kernel+0x2fa/0x4c2 with crng_init=0
[    0.024194] Console: colour VGA+ 80x25
[    0.044823] printk: console [tty0] enabled
[    0.045049] ACPI: Core revision 20200326
[    0.045356] APIC: Switch to symmetric I/O mode setup
[    0.046500] ..TIMER: vector=0x30 apic1=0 pin1=2 apic2=-1 pin2=-1
[    0.064304] clocksource: tsc-early: mask: 0xffffffffffffffff max_cycles: 0x2117f040fda, max_idle_ns: 440795298599 ns
[    0.065762] Calibrating delay loop (skipped), value calculated using timer frequency.. 4591.72 BogoMIPS (lpj=2295862)
[    0.066303] pid_max: default: 32768 minimum: 301
[    0.068244] LSM: Security Framework initializing
[    0.068335] SELinux:  Initializing.
[    0.068624] Mount-cache hash table entries: 2048 (order: 2, 16384 bytes, linear)
[    0.069042] Mountpoint-cache hash table entries: 2048 (order: 2, 16384 bytes, linear)
[    0.069304] CPU0: Hyper-Threading is disabled
[    0.069304] Last level iTLB entries: 4KB 1024, 2MB 1024, 4MB 512
[    0.069304] Last level dTLB entries: 4KB 1536, 2MB 1536, 4MB 768, 1GB 0
[    0.069304] Spectre V1 : Mitigation: usercopy/swapgs barriers and __user pointer sanitization
[    0.069304] Spectre V2 : Mitigation: Full AMD retpoline
[    0.069304] Spectre V2 : Spectre v2 / SpectreRSB mitigation: Filling RSB on context switch
[    0.069304] Speculative Store Bypass: Mitigation: Speculative Store Bypass disabled via prctl and seccomp
[    0.076243] Freeing SMP alternatives memory: 40K
[    0.168325] smpboot: CPU0: AMD Ryzen 7 PRO 3700U w/ Radeon Vega Mobile Gfx (family: 0x17, model: 0x18, stepping: 0x1)
[    0.168801] Performance Events: PMU not available due to virtualization, using software events only.
[    0.169160] rcu: Hierarchical SRCU implementation.
[    0.169304] smp: Bringing up secondary CPUs ...
[    0.169304] smp: Brought up 1 node, 1 CPU
[    0.169304] smpboot: Max logical packages: 1
[    0.169304] smpboot: Total of 1 processors activated (4591.72 BogoMIPS)
[    0.169304] devtmpfs: initialized
[    0.169304] clocksource: jiffies: mask: 0xffffffff max_cycles: 0xffffffff, max_idle_ns: 1911260446275000 ns
[    0.169304] futex hash table entries: 256 (order: 2, 16384 bytes, linear)
[    0.169304] PM: RTC time: 17:34:49, date: 2020-05-03
[    0.169304] thermal_sys: Registered thermal governor 'step_wise'
[    0.169304] thermal_sys: Registered thermal governor 'user_space'
[    0.170304] NET: Registered protocol family 16
[    0.170304] audit: initializing netlink subsys (disabled)
[    0.170305] cpuidle: using governor menu
[    0.170305] ACPI: bus type PCI registered
[    0.170305] PCI: Using configuration type 1 for base access
[    0.170305] PCI: Using configuration type 1 for extended access
[    0.183871] audit: type=2000 audit(1588527289.124:1): state=initialized audit_enabled=0 res=1
[    0.185340] HugeTLB registered 2.00 MiB page size, pre-allocated 0 pages
[    0.185794] cryptomgr_test (19) used greatest stack depth: 15552 bytes left
[    0.186875] ACPI: Added _OSI(Module Device)
[    0.186922] ACPI: Added _OSI(Processor Device)
[    0.187604] ACPI: Added _OSI(3.0 _SCP Extensions)
[    0.187935] ACPI: Added _OSI(Processor Aggregator Device)
[    0.188239] ACPI: Added _OSI(Linux-Dell-Video)
[    0.188304] ACPI: Added _OSI(Linux-Lenovo-NV-HDMI-Audio)
[    0.188304] ACPI: Added _OSI(Linux-HPI-Hybrid-Graphics)
[    0.190304] ACPI: 2 ACPI AML tables successfully acquired and loaded
[    0.192043] ACPI: Interpreter enabled
[    0.192233] ACPI: (supports S0 S5)
[    0.192289] ACPI: Using IOAPIC for interrupt routing
[    0.192641] PCI: Using host bridge windows from ACPI; if necessary, use "pci=nocrs" and report a bug
[    0.193026] ACPI: Enabled 2 GPEs in block 00 to 07
[    0.196799] ACPI: PCI Root Bridge [PCI0] (domain 0000 [bus 00-ff])
[    0.197082] acpi PNP0A03:00: _OSC: OS supports [ExtendedConfig Segments MSI HPX-Type3]
[    0.197304] acpi PNP0A03:00: _OSC: not requesting OS control; OS requires [ExtendedConfig ASPM ClockPM MSI]
[    0.198667] PCI host bridge to bus 0000:00
[    0.198940] pci_bus 0000:00: root bus resource [io  0x0000-0x0cf7 window]
[    0.199261] pci_bus 0000:00: root bus resource [io  0x0d00-0xffff window]
[    0.199296] pci_bus 0000:00: root bus resource [mem 0x000a0000-0x000bffff window]
[    0.199802] pci_bus 0000:00: root bus resource [mem 0x40000000-0xfdffffff window]
[    0.200201] pci_bus 0000:00: root bus resource [bus 00-ff]
[    0.200324] pci 0000:00:00.0: [8086:1237] type 00 class 0x060000
[    0.200938] pci 0000:00:01.0: [8086:7000] type 00 class 0x060100
[    0.201504] pci 0000:00:01.1: [8086:7111] type 00 class 0x01018a
[    0.201879] pci 0000:00:01.1: reg 0x20: [io  0xd000-0xd00f]
[    0.202304] pci 0000:00:01.1: legacy IDE quirk: reg 0x10: [io  0x01f0-0x01f7]
[    0.202337] pci 0000:00:01.1: legacy IDE quirk: reg 0x14: [io  0x03f6]
[    0.202554] pci 0000:00:01.1: legacy IDE quirk: reg 0x18: [io  0x0170-0x0177]
[    0.202784] pci 0000:00:01.1: legacy IDE quirk: reg 0x1c: [io  0x0376]
[    0.217548] pci 0000:00:02.0: [15ad:0405] type 00 class 0x030000
[    0.219502] pci 0000:00:02.0: reg 0x10: [io  0xd010-0xd01f]
[    0.220622] pci 0000:00:02.0: reg 0x14: [mem 0xf0000000-0xf0ffffff pref]
[    0.222761] pci 0000:00:02.0: reg 0x18: [mem 0xf1000000-0xf11fffff]
[    0.226779] pci 0000:00:03.0: [8086:100e] type 00 class 0x020000
[    0.227480] pci 0000:00:03.0: reg 0x10: [mem 0xf1200000-0xf121ffff]
[    0.229170] pci 0000:00:03.0: reg 0x18: [io  0xd020-0xd027]
[    0.232859] pci 0000:00:04.0: [80ee:cafe] type 00 class 0x088000
[    0.233581] pci 0000:00:04.0: reg 0x10: [io  0xd040-0xd05f]
[    0.234590] pci 0000:00:04.0: reg 0x14: [mem 0xf1400000-0xf17fffff]
[    0.245190] pci 0000:00:04.0: reg 0x18: [mem 0xf1800000-0xf1803fff pref]
[    0.250796] pci 0000:00:05.0: [8086:2415] type 00 class 0x040100
[    0.251139] pci 0000:00:05.0: reg 0x10: [io  0xd100-0xd1ff]
[    0.251496] pci 0000:00:05.0: reg 0x14: [io  0xd200-0xd23f]
[    0.252280] pci 0000:00:06.0: [106b:003f] type 00 class 0x0c0310
[    0.253012] pci 0000:00:06.0: reg 0x10: [mem 0xf1804000-0xf1804fff]
[    0.257138] pci 0000:00:07.0: [8086:7113] type 00 class 0x068000
[    0.257694] pci 0000:00:07.0: quirk: [io  0x4000-0x403f] claimed by PIIX4 ACPI
[    0.258016] pci 0000:00:07.0: quirk: [io  0x4100-0x410f] claimed by PIIX4 SMB
[    0.258442] pci 0000:00:08.0: [8086:100e] type 00 class 0x020000
[    0.259361] pci 0000:00:08.0: reg 0x10: [mem 0xf1820000-0xf183ffff]
[    0.261083] pci 0000:00:08.0: reg 0x18: [io  0xd240-0xd247]
[    0.278136] pci 0000:00:0b.0: [8086:265c] type 00 class 0x0c0320
[    0.279496] pci 0000:00:0b.0: reg 0x10: [mem 0xf1840000-0xf1840fff]
[    0.285889] pci 0000:00:0d.0: [8086:2829] type 00 class 0x010601
[    0.287357] pci 0000:00:0d.0: reg 0x10: [io  0xd248-0xd24f]
[    0.288444] pci 0000:00:0d.0: reg 0x14: [io  0xd250-0xd253]
[    0.289532] pci 0000:00:0d.0: reg 0x18: [io  0xd258-0xd25f]
[    0.290518] pci 0000:00:0d.0: reg 0x1c: [io  0xd260-0xd263]
[    0.291552] pci 0000:00:0d.0: reg 0x20: [io  0xd270-0xd27f]
[    0.292828] pci 0000:00:0d.0: reg 0x24: [mem 0xf1842000-0xf1843fff]
[    0.295926] ACPI: PCI Interrupt Link [LNKA] (IRQs 5 9 10 *11)
[    0.306376] ACPI: PCI Interrupt Link [LNKB] (IRQs 5 9 *10 11)
[    0.306863] ACPI: PCI Interrupt Link [LNKC] (IRQs 5 *9 10 11)
[    0.307418] ACPI: PCI Interrupt Link [LNKD] (IRQs 5 9 10 *11)
[    0.308155] iommu: Default domain type: Translated 
[    0.308304] pci 0000:00:02.0: vgaarb: setting as boot VGA device
[    0.308304] pci 0000:00:02.0: vgaarb: VGA device added: decodes=io+mem,owns=io+mem,locks=none
[    0.308310] pci 0000:00:02.0: vgaarb: bridge control possible
[    0.308551] vgaarb: loaded
[    0.308814] SCSI subsystem initialized
[    0.309061] libata version 3.00 loaded.
[    0.309091] ACPI: bus type USB registered
[    0.309297] usbcore: registered new interface driver usbfs
[    0.309304] usbcore: registered new interface driver hub
[    0.309651] usbcore: registered new device driver usb
[    0.310434] pps_core: LinuxPPS API ver. 1 registered
[    0.310671] pps_core: Software ver. 5.3.6 - Copyright 2005-2007 Rodolfo Giometti <giometti@linux.it>
[    0.311091] PTP clock support registered
[    0.311798] Advanced Linux Sound Architecture Driver Initialized.
[    0.312050] PCI: Using ACPI for IRQ routing
[    0.312255] PCI: pci_cache_line_size set to 64 bytes
[    0.312403] e820: reserve RAM buffer [mem 0x0009fc00-0x0009ffff]
[    0.312406] e820: reserve RAM buffer [mem 0x3fff0000-0x3fffffff]
[    0.312539] NetLabel: Initializing
[    0.312713] NetLabel:  domain hash size = 128
[    0.312903] NetLabel:  protocols = UNLABELED CIPSOv4 CALIPSO
[    0.313138] NetLabel:  unlabeled traffic allowed by default
[    0.313304] clocksource: Switched to clocksource tsc-early
[    0.431117] VFS: Disk quotas dquot_6.6.0
[    0.431317] VFS: Dquot-cache hash table entries: 512 (order 0, 4096 bytes)
[    0.431609] pnp: PnP ACPI init
[    0.431826] pnp 00:00: Plug and Play ACPI device, IDs PNP0303 (active)
[    0.431871] pnp 00:01: Plug and Play ACPI device, IDs PNP0f03 (active)
[    0.432240] pnp: PnP ACPI: found 2 devices
[    0.450839] clocksource: acpi_pm: mask: 0xffffff max_cycles: 0xffffff, max_idle_ns: 2085701024 ns
[    0.451114] pci_bus 0000:00: resource 4 [io  0x0000-0x0cf7 window]
[    0.451564] pci_bus 0000:00: resource 5 [io  0x0d00-0xffff window]
[    0.452021] pci_bus 0000:00: resource 6 [mem 0x000a0000-0x000bffff window]
[    0.452095] pci_bus 0000:00: resource 7 [mem 0x40000000-0xfdffffff window]
[    0.452095] NET: Registered protocol family 2
[    0.452095] tcp_listen_portaddr_hash hash table entries: 512 (order: 1, 8192 bytes, linear)
[    0.453884] TCP established hash table entries: 8192 (order: 4, 65536 bytes, linear)
[    0.453936] TCP bind hash table entries: 8192 (order: 5, 131072 bytes, linear)
[    0.453983] TCP: Hash tables configured (established 8192 bind 8192)
[    0.454069] UDP hash table entries: 512 (order: 2, 16384 bytes, linear)
[    0.454069] UDP-Lite hash table entries: 512 (order: 2, 16384 bytes, linear)
[    0.457472] NET: Registered protocol family 1
[    0.458132] RPC: Registered named UNIX socket transport module.
[    0.458343] RPC: Registered udp transport module.
[    0.458533] RPC: Registered tcp transport module.
[    0.458721] RPC: Registered tcp NFSv4.1 backchannel transport module.
[    0.459085] pci 0000:00:00.0: Limiting direct PCI/PCI transfers
[    0.459306] pci 0000:00:01.0: Activating ISA DMA hang workarounds
[    0.459562] pci 0000:00:02.0: Video device with shadowed ROM at [mem 0x000c0000-0x000dffff]
[    0.461398] PCI: CLS 0 bytes, default 64
[    0.461707] platform rtc_cmos: registered platform RTC device (no PNP device found)
[    0.462087] check: Scanning for low memory corruption every 60 seconds
[    0.462815] Initialise system trusted keyrings
[    0.463109] workingset: timestamp_bits=56 max_order=18 bucket_order=0
[    0.464074] NFS: Registering the id_resolver key type
[    0.464074] Key type id_resolver registered
[    0.464074] Key type id_legacy registered
[    0.467657] jitterentropy: Initialization failed with host not compliant with requirements: 10
[    0.467823] Key type asymmetric registered
[    0.468043] Asymmetric key parser 'x509' registered
[    0.468288] Block layer SCSI generic (bsg) driver version 0.4 loaded (major 251)
[    0.468638] io scheduler mq-deadline registered
[    0.468655] io scheduler kyber registered
[    0.469494] ACPI: AC Adapter [AC] (on-line)
[    0.469827] input: Power Button as /devices/LNXSYSTM:00/LNXPWRBN:00/input/input0
[    0.488195] ACPI: Power Button [PWRF]
[    0.488640] input: Sleep Button as /devices/LNXSYSTM:00/LNXSLPBN:00/input/input1
[    0.489069] ACPI: Sleep Button [SLPF]
[    0.489667] ACPI: Video Device [GFX0] (multi-head: yes  rom: no  post: no)
[    0.490335] input: Video Bus as /devices/LNXSYSTM:00/LNXSYBUS:00/PNP0A03:00/LNXVIDEO:00/input/input2
[    0.491297] Serial: 8250/16550 driver, 4 ports, IRQ sharing enabled
[    0.492076] Non-volatile memory driver v1.3
[    0.492076] Linux agpgart interface v0.103
[    0.495652] battery: ACPI: Battery Slot [BAT0] (battery present)
[    0.496801] loop: module loaded
[    0.497128] ahci 0000:00:0d.0: version 3.0
[    0.497621] ahci 0000:00:0d.0: SSS flag set, parallel bus scan disabled
[    0.498074] ahci 0000:00:0d.0: AHCI 0001.0100 32 slots 2 ports 3 Gbps 0x3 impl SATA mode
[    0.498484] ahci 0000:00:0d.0: flags: 64bit ncq stag only ccc 
[    0.498980] scsi host0: ahci
[    0.499202] scsi host1: ahci
[    0.499277] ata1: SATA max UDMA/133 abar m8192@0xf1842000 port 0xf1842100 irq 21
[    0.499594] ata2: SATA max UDMA/133 abar m8192@0xf1842000 port 0xf1842180 irq 21
[    0.499930] ata_piix 0000:00:01.1: version 2.13
[    0.500229] scsi host2: ata_piix
[    0.500444] scsi host3: ata_piix
[    0.500632] ata3: PATA max UDMA/33 cmd 0x1f0 ctl 0x3f6 bmdma 0xd000 irq 14
[    0.500883] ata4: PATA max UDMA/33 cmd 0x170 ctl 0x376 bmdma 0xd008 irq 15
[    0.501082] e100: Intel(R) PRO/100 Network Driver, 3.5.24-k2-NAPI
[    0.501082] e100: Copyright(c) 1999-2006 Intel Corporation
[    0.501082] e1000: Intel(R) PRO/1000 Network Driver - version 7.3.21-k8-NAPI
[    0.501082] e1000: Copyright (c) 1999-2006 Intel Corporation.
[    0.679110] ata3.00: ATAPI: VBOX CD-ROM, 1.0, max UDMA/133
[    0.837058] ata1: SATA link up 3.0 Gbps (SStatus 123 SControl 300)
[    0.837426] ata1.00: ATA-6: VBOX HARDDISK, 1.0, max UDMA/133
[    0.837691] ata1.00: 31457280 sectors, multi 128: LBA48 NCQ (depth 32)
[    0.838099] ata1.00: configured for UDMA/133
[    0.838434] scsi 0:0:0:0: Direct-Access     ATA      VBOX HARDDISK    1.0  PQ: 0 ANSI: 5
[    0.839073] scsi 0:0:0:0: Attached scsi generic sg0 type 0
[    0.839470] sd 0:0:0:0: [sda] 31457280 512-byte logical blocks: (16.1 GB/15.0 GiB)
[    0.839573] sd 0:0:0:0: [sda] Write Protect is off
[    0.839810] sd 0:0:0:0: [sda] Mode Sense: 00 3a 00 00
[    0.839828] sd 0:0:0:0: [sda] Write cache: enabled, read cache: enabled, doesn't support DPO or FUA
[    0.874037] e1000 0000:00:03.0 eth0: (PCI:33MHz:32-bit) 08:00:27:d9:f0:80
[    0.874691] e1000 0000:00:03.0 eth0: Intel(R) PRO/1000 Network Connection
[    0.878755]  sda: sda1 sda2 sda3 sda4
[    0.879326] sd 0:0:0:0: [sda] Attached SCSI disk
[    1.147302] ata2: SATA link up 3.0 Gbps (SStatus 123 SControl 300)
[    1.147672] ata2.00: ATA-6: VBOX HARDDISK, 1.0, max UDMA/133
[    1.147854] ata2.00: 67108864 sectors, multi 128: LBA48 NCQ (depth 32)
[    1.166656] ata2.00: configured for UDMA/133
[    1.166934] scsi 1:0:0:0: Direct-Access     ATA      VBOX HARDDISK    1.0  PQ: 0 ANSI: 5
[    1.167383] sd 1:0:0:0: [sdb] 67108864 512-byte logical blocks: (34.4 GB/32.0 GiB)
[    1.167657] sd 1:0:0:0: [sdb] Write Protect is off
[    1.167882] sd 1:0:0:0: [sdb] Mode Sense: 00 3a 00 00
[    1.167919] sd 1:0:0:0: Attached scsi generic sg1 type 0
[    1.168137] sd 1:0:0:0: [sdb] Write cache: enabled, read cache: enabled, doesn't support DPO or FUA
[    1.169490] scsi 2:0:0:0: CD-ROM            VBOX     CD-ROM           1.0  PQ: 0 ANSI: 5
[    1.174276] sr 2:0:0:0: [sr0] scsi3-mmc drive: 32x/32x xa/form2 tray
[    1.174276] cdrom: Uniform CD-ROM driver Revision: 3.20
[    1.174277] sr 2:0:0:0: Attached scsi CD-ROM sr0
[    1.177888] sr 2:0:0:0: Attached scsi generic sg2 type 5
[    1.212921]  sdb: sdb1 sdb2
[    1.213355] sd 1:0:0:0: [sdb] Attached SCSI disk
[    1.259952] e1000 0000:00:08.0 eth1: (PCI:33MHz:32-bit) 08:00:27:fc:8f:aa
[    1.260386] e1000 0000:00:08.0 eth1: Intel(R) PRO/1000 Network Connection
[    1.260699] e1000e: Intel(R) PRO/1000 Network Driver - 3.2.6-k
[    1.261308] e1000e: Copyright(c) 1999 - 2015 Intel Corporation.
[    1.261474] sky2: driver version 1.30
[    1.261731] ehci_hcd: USB 2.0 'Enhanced' Host Controller (EHCI) Driver
[    1.261931] ehci-pci: EHCI PCI platform driver
[    1.262461] ehci-pci 0000:00:0b.0: EHCI Host Controller
[    1.262664] ehci-pci 0000:00:0b.0: new USB bus registered, assigned bus number 1
[    1.263060] ehci-pci 0000:00:0b.0: irq 19, io mem 0xf1840000
[    1.285258] ehci-pci 0000:00:0b.0: USB 2.0 started, EHCI 1.00
[    1.285619] usb usb1: New USB device found, idVendor=1d6b, idProduct=0002, bcdDevice= 5.07
[    1.286011] usb usb1: New USB device strings: Mfr=3, Product=2, SerialNumber=1
[    1.286369] usb usb1: Product: EHCI Host Controller
[    1.286526] usb usb1: Manufacturer: Linux 5.7.0-rc3-next-20200501 ehci_hcd
[    1.286705] usb usb1: SerialNumber: 0000:00:0b.0
[    1.286888] hub 1-0:1.0: USB hub found
[    1.287108] hub 1-0:1.0: 12 ports detected
[    1.287564] ohci_hcd: USB 1.1 'Open' Host Controller (OHCI) Driver
[    1.287826] ohci-pci: OHCI PCI platform driver
[    1.288622] ohci-pci 0000:00:06.0: OHCI PCI host controller
[    1.288949] ohci-pci 0000:00:06.0: new USB bus registered, assigned bus number 2
[    1.289280] ohci-pci 0000:00:06.0: irq 22, io mem 0xf1804000
[    1.354956] usb usb2: New USB device found, idVendor=1d6b, idProduct=0001, bcdDevice= 5.07
[    1.355757] usb usb2: New USB device strings: Mfr=3, Product=2, SerialNumber=1
[    1.355766] usb usb2: Product: OHCI PCI host controller
[    1.356001] usb usb2: Manufacturer: Linux 5.7.0-rc3-next-20200501 ohci_hcd
[    1.356336] usb usb2: SerialNumber: 0000:00:06.0
[    1.356648] hub 2-0:1.0: USB hub found
[    1.356879] hub 2-0:1.0: 12 ports detected
[    1.357327] uhci_hcd: USB Universal Host Controller Interface driver
[    1.357462] usbcore: registered new interface driver usblp
[    1.357599] usbcore: registered new interface driver usb-storage
[    1.357808] i8042: PNP: PS/2 Controller [PNP0303:PS2K,PNP0f03:PS2M] at 0x60,0x64 irq 1,12
[    1.358848] serio: i8042 KBD port at 0x60,0x64 irq 1
[    1.359099] serio: i8042 AUX port at 0x60,0x64 irq 12
[    1.359897] input: AT Translated Set 2 keyboard as /devices/platform/i8042/serio0/input/input3
[    1.361773] rtc_cmos rtc_cmos: registered as rtc0
[    1.362043] rtc_cmos rtc_cmos: alarms up to one day, 114 bytes nvram
[    1.362470] device-mapper: ioctl: 4.42.0-ioctl (2020-02-27) initialised: dm-devel@redhat.com
[    1.362891] hid: raw HID events driver (C) Jiri Kosina
[    1.363298] usbcore: registered new interface driver usbhid
[    1.363524] usbhid: USB HID core driver
[    1.363950] Initializing XFRM netlink socket
[    1.364772] NET: Registered protocol family 10
[    1.365496] Segment Routing with IPv6
[    1.365772] sit: IPv6, IPv4 and MPLS over IPv4 tunneling driver
[    1.366172] NET: Registered protocol family 17
[    1.366418] Key type dns_resolver registered
[    1.366692] IPI shorthand broadcast: enabled
[    1.366869] sched_clock: Marking stable (1337512040, 28906684)->(1399629094, -33210370)
[    1.367196] registered taskstats version 1
[    1.367365] Loading compiled-in X.509 certificates
[    1.367585] PM:   Magic number: 4:52:592
[    1.367765] printk: console [netcon0] enabled
[    1.367925] netconsole: network logging started
[    1.368087] cfg80211: Loading compiled-in X.509 certificates for regulatory database
[    1.368877] kworker/u2:1 (68) used greatest stack depth: 14640 bytes left
[    1.369537] cfg80211: Loaded X.509 cert 'sforshee: 00b28ddf47aef9cea7'
[    1.369751] ALSA device list:
[    1.369883]   No soundcards found.
[    1.370060] platform regulatory.0: Direct firmware load for regulatory.db failed with error -2
[    1.370337] cfg80211: failed to load regulatory.db
[    1.486418] tsc: Refined TSC clocksource calibration: 2295.686 MHz
[    1.486687] clocksource: tsc: mask: 0xffffffffffffffff max_cycles: 0x211749f51e2, max_idle_ns: 440795249748 ns
[    1.487063] clocksource: Switched to clocksource tsc
[    1.581110] random: fast init done
[    1.582221] input: ImExPS/2 Generic Explorer Mouse as /devices/platform/i8042/serio1/input/input5
[    1.583028] md: Waiting for all devices to be available before autodetect
[    1.583483] md: If you don't use raid, use raid=noautodetect
[    1.584932] md: Autodetecting RAID arrays.
[    1.585462] md: autorun ...
[    1.585728] md: ... autorun DONE.
[    1.590665] EXT4-fs (sda4): mounted filesystem with ordered data mode. Opts: (null)
[    1.591095] VFS: Mounted root (ext4 filesystem) readonly on device 8:4.
[    1.593164] devtmpfs: mounted
[    1.593703] Freeing unused kernel image (initmem) memory: 1172K
[    1.593973] Write protecting the kernel read-only data: 20480k
[    1.594778] Freeing unused kernel image (text/rodata gap) memory: 2040K
[    1.595301] Freeing unused kernel image (rodata/data gap) memory: 748K
[    1.595581] Run /sbin/init as init process
[    1.595788]   with arguments:
[    1.595788]     /sbin/init
[    1.595789]   with environment:
[    1.595789]     HOME=/
[    1.595789]     TERM=linux
[    1.595790]     BOOT_IMAGE=/vmlinuz-5.7.0-rc3-next-20200501
[    1.689236] stty (76) used greatest stack depth: 13632 bytes left
[    1.753382] usb 2-1: new full-speed USB device number 2 using ohci-pci
[    1.864105] ip (128) used greatest stack depth: 12456 bytes left
[    1.938714] random: udevd: uninitialized urandom read (16 bytes read)
[    1.939730] random: udevd: uninitialized urandom read (16 bytes read)
[    1.940618] random: udevd: uninitialized urandom read (16 bytes read)
[    2.012812] usb 2-1: New USB device found, idVendor=80ee, idProduct=0021, bcdDevice= 1.00
[    2.013152] usb 2-1: New USB device strings: Mfr=1, Product=3, SerialNumber=0
[    2.013399] usb 2-1: Product: USB Tablet
[    2.013574] usb 2-1: Manufacturer: VirtualBox
[    2.024629] input: VirtualBox USB Tablet as /devices/pci0000:00/0000:00:06.0/usb2/2-1/2-1:1.0/0003:80EE:0021.0001/input/input6
[    2.025207] hid-generic 0003:80EE:0021.0001: input,hidraw0: USB HID v1.10 Mouse [VirtualBox USB Tablet] on usb-0000:00:06.0-1/input0
[    2.069875] e1000 0000:00:03.0 enp0s3: renamed from eth0
[    2.070616] e1000 0000:00:08.0 enp0s8: renamed from eth1
[    2.279378] random: crng init done
[    2.279563] random: 3 urandom warning(s) missed due to ratelimiting
[    2.333758] Adding 2097148k swap on /dev/sda3.  Priority:1 extents:1 across:2097148k 
[    2.363649] EXT4-fs (sda4): re-mounted. Opts: (null)
[    2.418179] EXT4-fs (sda4): re-mounted. Opts: (null)
[    2.450434] EXT4-fs (sda2): mounted filesystem with ordered data mode. Opts: (null)
[    2.452811] EXT4-fs (sdb1): mounted filesystem with ordered data mode. Opts: (null)
[    2.468170] EXT4-fs (sdb2): mounted filesystem with ordered data mode. Opts: (null)
[    2.500442] hrtimer: interrupt took 7644836 ns
[    4.593130] e1000: enp0s3 NIC Link is Up 1000 Mbps Full Duplex, Flow Control: RX
[    4.593483] IPv6: ADDRCONF(NETDEV_CHANGE): enp0s3: link becomes ready
[    4.710258] e1000: enp0s8 NIC Link is Up 1000 Mbps Full Duplex, Flow Control: RX
[    4.711667] IPv6: ADDRCONF(NETDEV_CHANGE): enp0s8: link becomes ready
