[    0.000000] Linux version 5.7.0-rc3-thor_kernel-00137-gb0d4ef3c5754 (lancelot@Tamagochi-Linux) (gcc version 9.2.0 (GCC), GNU ld (GNU Binutils) 2.32) #2 SMP Sat May 2 20:39:34 CEST 2020
[    0.000000] Command line: BOOT_IMAGE=/vmlinuz-5.7.0-rc3-thor_kernel-00137-gb0d4ef3c5754 root=/dev/sda4 ro
[    0.000000] [Firmware Bug]: TSC doesn't count with P0 frequency!
[    0.000000] x86/fpu: Supporting XSAVE feature 0x001: 'x87 floating point registers'
[    0.000000] x86/fpu: Supporting XSAVE feature 0x002: 'SSE registers'
[    0.000000] x86/fpu: Supporting XSAVE feature 0x004: 'AVX registers'
[    0.000000] x86/fpu: xstate_offset[2]:  576, xstate_sizes[2]:  256
[    0.000000] x86/fpu: Enabled xstate features 0x7, context size is 832 bytes, using 'standard' format.
[    0.000000] BIOS-provided physical RAM map:
[    0.000000] BIOS-e820: [mem 0x0000000000000000-0x000000000009fbff] usable
[    0.000000] BIOS-e820: [mem 0x000000000009fc00-0x000000000009ffff] reserved
[    0.000000] BIOS-e820: [mem 0x00000000000f0000-0x00000000000fffff] reserved
[    0.000000] BIOS-e820: [mem 0x0000000000100000-0x000000003ffeffff] usable
[    0.000000] BIOS-e820: [mem 0x000000003fff0000-0x000000003fffffff] ACPI data
[    0.000000] BIOS-e820: [mem 0x00000000fec00000-0x00000000fec00fff] reserved
[    0.000000] BIOS-e820: [mem 0x00000000fee00000-0x00000000fee00fff] reserved
[    0.000000] BIOS-e820: [mem 0x00000000fffc0000-0x00000000ffffffff] reserved
[    0.000000] NX (Execute Disable) protection: active
[    0.000000] SMBIOS 2.5 present.
[    0.000000] DMI: innotek GmbH VirtualBox/VirtualBox, BIOS VirtualBox 12/01/2006
[    0.000000] tsc: Fast TSC calibration failed
[    0.000000] e820: update [mem 0x00000000-0x00000fff] usable ==> reserved
[    0.000000] e820: remove [mem 0x000a0000-0x000fffff] usable
[    0.000000] last_pfn = 0x3fff0 max_arch_pfn = 0x400000000
[    0.000000] MTRR default type: uncachable
[    0.000000] MTRR variable ranges disabled:
[    0.000000] Disabled
[    0.000000] x86/PAT: MTRRs disabled, skipping PAT initialization too.
[    0.000000] CPU MTRRs all blank - virtualized system.
[    0.000000] x86/PAT: Configuration [0-7]: WB  WT  UC- UC  WB  WT  UC- UC  
[    0.000000] found SMP MP-table at [mem 0x0009fff0-0x0009ffff]
[    0.000000] check: Scanning 1 areas for low memory corruption
[    0.000000] BRK [0x2d201000, 0x2d201fff] PGTABLE
[    0.000000] BRK [0x2d202000, 0x2d202fff] PGTABLE
[    0.000000] BRK [0x2d203000, 0x2d203fff] PGTABLE
[    0.000000] BRK [0x2d204000, 0x2d204fff] PGTABLE
[    0.000000] BRK [0x2d205000, 0x2d205fff] PGTABLE
[    0.000000] ACPI: Early table checksum verification disabled
[    0.000000] ACPI: RSDP 0x00000000000E0000 000024 (v02 VBOX  )
[    0.000000] ACPI: XSDT 0x000000003FFF0030 00003C (v01 VBOX   VBOXXSDT 00000001 ASL  00000061)
[    0.000000] ACPI: FACP 0x000000003FFF00F0 0000F4 (v04 VBOX   VBOXFACP 00000001 ASL  00000061)
[    0.000000] ACPI: DSDT 0x000000003FFF0470 002325 (v02 VBOX   VBOXBIOS 00000002 INTL 20200326)
[    0.000000] ACPI: FACS 0x000000003FFF0200 000040
[    0.000000] ACPI: FACS 0x000000003FFF0200 000040
[    0.000000] ACPI: APIC 0x000000003FFF0240 000054 (v02 VBOX   VBOXAPIC 00000001 ASL  00000061)
[    0.000000] ACPI: SSDT 0x000000003FFF02A0 0001CC (v01 VBOX   VBOXCPUT 00000002 INTL 20200326)
[    0.000000] ACPI: Local APIC address 0xfee00000
[    0.000000] No NUMA configuration found
[    0.000000] Faking a node at [mem 0x0000000000000000-0x000000003ffeffff]
[    0.000000] NODE_DATA(0) allocated [mem 0x3ffec000-0x3ffeffff]
[    0.000000] Zone ranges:
[    0.000000]   DMA      [mem 0x0000000000001000-0x0000000000ffffff]
[    0.000000]   DMA32    [mem 0x0000000001000000-0x000000003ffeffff]
[    0.000000]   Normal   empty
[    0.000000] Movable zone start for each node
[    0.000000] Early memory node ranges
[    0.000000]   node   0: [mem 0x0000000000001000-0x000000000009efff]
[    0.000000]   node   0: [mem 0x0000000000100000-0x000000003ffeffff]
[    0.000000] Zeroed struct page in unavailable ranges: 114 pages
[    0.000000] Initmem setup node 0 [mem 0x0000000000001000-0x000000003ffeffff]
[    0.000000] On node 0 totalpages: 262030
[    0.000000]   DMA zone: 64 pages used for memmap
[    0.000000]   DMA zone: 21 pages reserved
[    0.000000]   DMA zone: 3998 pages, LIFO batch:0
[    0.000000]   DMA32 zone: 4032 pages used for memmap
[    0.000000]   DMA32 zone: 258032 pages, LIFO batch:63
[    0.000000] ACPI: PM-Timer IO Port: 0x4008
[    0.000000] ACPI: Local APIC address 0xfee00000
[    0.000000] IOAPIC[0]: apic_id 1, version 32, address 0xfec00000, GSI 0-23
[    0.000000] ACPI: INT_SRC_OVR (bus 0 bus_irq 0 global_irq 2 dfl dfl)
[    0.000000] ACPI: INT_SRC_OVR (bus 0 bus_irq 9 global_irq 9 low level)
[    0.000000] ACPI: IRQ0 used by override.
[    0.000000] ACPI: IRQ9 used by override.
[    0.000000] Using ACPI (MADT) for SMP configuration information
[    0.000000] smpboot: Allowing 1 CPUs, 0 hotplug CPUs
[    0.000000] PM: hibernation: Registered nosave memory: [mem 0x00000000-0x00000fff]
[    0.000000] PM: hibernation: Registered nosave memory: [mem 0x0009f000-0x0009ffff]
[    0.000000] PM: hibernation: Registered nosave memory: [mem 0x000a0000-0x000effff]
[    0.000000] PM: hibernation: Registered nosave memory: [mem 0x000f0000-0x000fffff]
[    0.000000] [mem 0x40000000-0xfebfffff] available for PCI devices
[    0.000000] clocksource: refined-jiffies: mask: 0xffffffff max_cycles: 0xffffffff, max_idle_ns: 1910969940391419 ns
[    0.000000] setup_percpu: NR_CPUS:64 nr_cpumask_bits:64 nr_cpu_ids:1 nr_node_ids:1
[    0.000000] percpu: Embedded 53 pages/cpu s176600 r8192 d32296 u2097152
[    0.000000] pcpu-alloc: s176600 r8192 d32296 u2097152 alloc=1*2097152
[    0.000000] pcpu-alloc: [0] 0 
[    0.000000] Built 1 zonelists, mobility grouping on.  Total pages: 257913
[    0.000000] Policy zone: DMA32
[    0.000000] Kernel command line: BOOT_IMAGE=/vmlinuz-5.7.0-rc3-thor_kernel-00137-gb0d4ef3c5754 root=/dev/sda4 ro
[    0.000000] Dentry cache hash table entries: 131072 (order: 8, 1048576 bytes, linear)
[    0.000000] Inode-cache hash table entries: 65536 (order: 7, 524288 bytes, linear)
[    0.000000] mem auto-init: stack:off, heap alloc:off, heap free:off
[    0.000000] Memory: 1001116K/1048120K available (14340K kernel code, 1518K rwdata, 3364K rodata, 1172K init, 1084K bss, 47004K reserved, 0K cma-reserved)
[    0.000000] SLUB: HWalign=64, Order=0-3, MinObjects=0, CPUs=1, Nodes=1
[    0.000000] rcu: Hierarchical RCU implementation.
[    0.000000] rcu: 	RCU event tracing is enabled.
[    0.000000] rcu: 	RCU restricting CPUs from NR_CPUS=64 to nr_cpu_ids=1.
[    0.000000] rcu: RCU calculated value of scheduler-enlistment delay is 100 jiffies.
[    0.000000] rcu: Adjusting geometry for rcu_fanout_leaf=16, nr_cpu_ids=1
[    0.000000] NR_IRQS: 4352, nr_irqs: 256, preallocated irqs: 16
[    0.000000] random: get_random_bytes called from start_kernel+0x2fa/0x4c2 with crng_init=0
[    0.000000] Console: colour VGA+ 80x25
[    0.000000] printk: console [tty0] enabled
[    0.000000] ACPI: Core revision 20200326
[    0.000000] APIC: Switch to symmetric I/O mode setup
[    0.000000] ..TIMER: vector=0x30 apic1=0 pin1=2 apic2=-1 pin2=-1
[    0.008000] tsc: Unable to calibrate against PIT
[    0.008000] tsc: using PMTIMER reference calibration
[    0.008000] tsc: Detected 2248.565 MHz processor
[    0.000008] clocksource: tsc-early: mask: 0xffffffffffffffff max_cycles: 0x2069688e466, max_idle_ns: 440795308572 ns
[    0.000579] Calibrating delay loop (skipped), value calculated using timer frequency.. 4497.13 BogoMIPS (lpj=2248565)
[    0.001576] pid_max: default: 32768 minimum: 301
[    0.001576] LSM: Security Framework initializing
[    0.002659] SELinux:  Initializing.
[    0.003061] Mount-cache hash table entries: 2048 (order: 2, 16384 bytes, linear)
[    0.003425] Mountpoint-cache hash table entries: 2048 (order: 2, 16384 bytes, linear)
[    0.005128] CPU0: Hyper-Threading is disabled
[    0.005557] Last level iTLB entries: 4KB 1024, 2MB 1024, 4MB 512
[    0.005982] Last level dTLB entries: 4KB 1536, 2MB 1536, 4MB 768, 1GB 0
[    0.006389] Spectre V1 : Mitigation: usercopy/swapgs barriers and __user pointer sanitization
[    0.006576] Spectre V2 : Mitigation: Full AMD retpoline
[    0.006576] Spectre V2 : Spectre v2 / SpectreRSB mitigation: Filling RSB on context switch
[    0.006576] Speculative Store Bypass: Mitigation: Speculative Store Bypass disabled via prctl and seccomp
[    0.012785] Freeing SMP alternatives memory: 40K
[    0.112916] APIC calibration not consistent with PM-Timer: 98ms instead of 100ms
[    0.113251] APIC delta adjusted to PM-Timer: 6246420 (6123832)
[    0.113643] smpboot: CPU0: AMD Ryzen 7 PRO 3700U w/ Radeon Vega Mobile Gfx (family: 0x17, model: 0x18, stepping: 0x1)
[    0.114146] Performance Events: PMU not available due to virtualization, using software events only.
[    0.114517] rcu: Hierarchical SRCU implementation.
[    0.114576] Decoding supported only on Scalable MCA processors.
[    0.114719] smp: Bringing up secondary CPUs ...
[    0.114885] smp: Brought up 1 node, 1 CPU
[    0.115039] smpboot: Max logical packages: 1
[    0.115199] smpboot: Total of 1 processors activated (4497.13 BogoMIPS)
[    0.115514] devtmpfs: initialized
[    0.115576] clocksource: jiffies: mask: 0xffffffff max_cycles: 0xffffffff, max_idle_ns: 1911260446275000 ns
[    0.115576] futex hash table entries: 256 (order: 2, 16384 bytes, linear)
[    0.115576] PM: RTC time: 18:33:54, date: 2020-05-02
[    0.115621] thermal_sys: Registered thermal governor 'step_wise'
[    0.116796] thermal_sys: Registered thermal governor 'user_space'
[    0.117531] NET: Registered protocol family 16
[    0.118043] audit: initializing netlink subsys (disabled)
[    0.118576] cpuidle: using governor menu
[    0.119129] ACPI: bus type PCI registered
[    0.119429] PCI: Using configuration type 1 for base access
[    0.119576] PCI: Using configuration type 1 for extended access
[    0.120585] audit: type=2000 audit(1588444434.125:1): state=initialized audit_enabled=0 res=1
[    0.121576] HugeTLB registered 2.00 MiB page size, pre-allocated 0 pages
[    0.121576] cryptomgr_test (19) used greatest stack depth: 15552 bytes left
[    0.121576] kworker/u2:0 (21) used greatest stack depth: 14632 bytes left
[    0.121576] kworker/u2:0 (27) used greatest stack depth: 14232 bytes left
[    0.123849] ACPI: Added _OSI(Module Device)
[    0.124044] ACPI: Added _OSI(Processor Device)
[    0.124228] ACPI: Added _OSI(3.0 _SCP Extensions)
[    0.124418] ACPI: Added _OSI(Processor Aggregator Device)
[    0.124576] ACPI: Added _OSI(Linux-Dell-Video)
[    0.124576] ACPI: Added _OSI(Linux-Lenovo-NV-HDMI-Audio)
[    0.124576] ACPI: Added _OSI(Linux-HPI-Hybrid-Graphics)
[    0.126509] ACPI: 2 ACPI AML tables successfully acquired and loaded
[    0.127694] ACPI: Interpreter enabled
[    0.127885] ACPI: (supports S0 S5)
[    0.128055] ACPI: Using IOAPIC for interrupt routing
[    0.128453] PCI: Using host bridge windows from ACPI; if necessary, use "pci=nocrs" and report a bug
[    0.128576] ACPI: Enabled 2 GPEs in block 00 to 07
[    0.132064] ACPI: PCI Root Bridge [PCI0] (domain 0000 [bus 00-ff])
[    0.132295] acpi PNP0A03:00: _OSC: OS supports [ExtendedConfig ASPM ClockPM Segments MSI HPX-Type3]
[    0.133302] acpi PNP0A03:00: _OSC: platform does not support [PCIeCapability LTR]
[    0.133893] acpi PNP0A03:00: _OSC: not requesting control; platform does not support [PCIeCapability]
[    0.134226] acpi PNP0A03:00: _OSC: OS requested [PME AER PCIeCapability LTR]
[    0.134438] acpi PNP0A03:00: _OSC: platform willing to grant [PME AER]
[    0.134576] acpi PNP0A03:00: _OSC failed (AE_SUPPORT); disabling ASPM
[    0.135124] PCI host bridge to bus 0000:00
[    0.135325] pci_bus 0000:00: root bus resource [io  0x0000-0x0cf7 window]
[    0.135576] pci_bus 0000:00: root bus resource [io  0x0d00-0xffff window]
[    0.135576] pci_bus 0000:00: root bus resource [mem 0x000a0000-0x000bffff window]
[    0.136009] pci_bus 0000:00: root bus resource [mem 0x40000000-0xfdffffff window]
[    0.136497] pci_bus 0000:00: root bus resource [bus 00-ff]
[    0.136732] pci 0000:00:00.0: [8086:1237] type 00 class 0x060000
[    0.138022] pci 0000:00:01.0: [8086:7000] type 00 class 0x060100
[    0.139364] pci 0000:00:01.1: [8086:7111] type 00 class 0x01018a
[    0.139716] pci 0000:00:01.1: reg 0x20: [io  0xd000-0xd00f]
[    0.140129] pci 0000:00:01.1: legacy IDE quirk: reg 0x10: [io  0x01f0-0x01f7]
[    0.140484] pci 0000:00:01.1: legacy IDE quirk: reg 0x14: [io  0x03f6]
[    0.140576] pci 0000:00:01.1: legacy IDE quirk: reg 0x18: [io  0x0170-0x0177]
[    0.140576] pci 0000:00:01.1: legacy IDE quirk: reg 0x1c: [io  0x0376]
[    0.141983] pci 0000:00:02.0: [15ad:0405] type 00 class 0x030000
[    0.144177] pci 0000:00:02.0: reg 0x10: [io  0xd010-0xd01f]
[    0.145576] pci 0000:00:02.0: reg 0x14: [mem 0xf0000000-0xf0ffffff pref]
[    0.147151] pci 0000:00:02.0: reg 0x18: [mem 0xf1000000-0xf11fffff]
[    0.152824] pci 0000:00:03.0: [8086:100e] type 00 class 0x020000
[    0.154224] pci 0000:00:03.0: reg 0x10: [mem 0xf1200000-0xf121ffff]
[    0.157159] pci 0000:00:03.0: reg 0x18: [io  0xd020-0xd027]
[    0.163472] pci 0000:00:04.0: [80ee:cafe] type 00 class 0x088000
[    0.164918] pci 0000:00:04.0: reg 0x10: [io  0xd040-0xd05f]
[    0.165969] pci 0000:00:04.0: reg 0x14: [mem 0xf1400000-0xf17fffff]
[    0.167129] pci 0000:00:04.0: reg 0x18: [mem 0xf1800000-0xf1803fff pref]
[    0.172823] pci 0000:00:05.0: [8086:2415] type 00 class 0x040100
[    0.173355] pci 0000:00:05.0: reg 0x10: [io  0xd100-0xd1ff]
[    0.173792] pci 0000:00:05.0: reg 0x14: [io  0xd200-0xd23f]
[    0.174757] pci 0000:00:06.0: [106b:003f] type 00 class 0x0c0310
[    0.175803] pci 0000:00:06.0: reg 0x10: [mem 0xf1804000-0xf1804fff]
[    0.183326] pci 0000:00:07.0: [8086:7113] type 00 class 0x068000
[    0.184085] pci 0000:00:07.0: quirk: [io  0x4000-0x403f] claimed by PIIX4 ACPI
[    0.184474] pci 0000:00:07.0: quirk: [io  0x4100-0x410f] claimed by PIIX4 SMB
[    0.185072] pci 0000:00:08.0: [8086:100e] type 00 class 0x020000
[    0.185921] pci 0000:00:08.0: reg 0x10: [mem 0xf1820000-0xf183ffff]
[    0.187910] pci 0000:00:08.0: reg 0x18: [io  0xd240-0xd247]
[    0.192383] pci 0000:00:0b.0: [8086:265c] type 00 class 0x0c0320
[    0.193628] pci 0000:00:0b.0: reg 0x10: [mem 0xf1840000-0xf1840fff]
[    0.199996] pci 0000:00:0d.0: [8086:2829] type 00 class 0x010601
[    0.200886] pci 0000:00:0d.0: reg 0x10: [io  0xd248-0xd24f]
[    0.202115] pci 0000:00:0d.0: reg 0x14: [io  0xd250-0xd253]
[    0.203924] pci 0000:00:0d.0: reg 0x18: [io  0xd258-0xd25f]
[    0.205088] pci 0000:00:0d.0: reg 0x1c: [io  0xd260-0xd263]
[    0.207054] pci 0000:00:0d.0: reg 0x20: [io  0xd270-0xd27f]
[    0.208894] pci 0000:00:0d.0: reg 0x24: [mem 0xf1842000-0xf1843fff]
[    0.211861] ACPI: PCI Interrupt Link [LNKA] (IRQs 5 9 10 *11)
[    0.212296] ACPI: PCI Interrupt Link [LNKB] (IRQs 5 9 *10 11)
[    0.212665] ACPI: PCI Interrupt Link [LNKC] (IRQs 5 *9 10 11)
[    0.213077] ACPI: PCI Interrupt Link [LNKD] (IRQs 5 9 10 *11)
[    0.213576] iommu: Default domain type: Translated 
[    0.213576] pci 0000:00:02.0: vgaarb: setting as boot VGA device
[    0.213576] pci 0000:00:02.0: vgaarb: VGA device added: decodes=io+mem,owns=io+mem,locks=none
[    0.214663] pci 0000:00:02.0: vgaarb: bridge control possible
[    0.214950] vgaarb: loaded
[    0.215405] SCSI subsystem initialized
[    0.215632] libata version 3.00 loaded.
[    0.215666] ACPI: bus type USB registered
[    0.215927] usbcore: registered new interface driver usbfs
[    0.216213] usbcore: registered new interface driver hub
[    0.216487] usbcore: registered new device driver usb
[    0.216576] pps_core: LinuxPPS API ver. 1 registered
[    0.216576] pps_core: Software ver. 5.3.6 - Copyright 2005-2007 Rodolfo Giometti <giometti@linux.it>
[    0.216576] PTP clock support registered
[    0.216576] EDAC MC: Ver: 3.0.0
[    0.218172] Advanced Linux Sound Architecture Driver Initialized.
[    0.218470] PCI: Using ACPI for IRQ routing
[    0.218818] PCI: pci_cache_line_size set to 64 bytes
[    0.218975] e820: reserve RAM buffer [mem 0x0009fc00-0x0009ffff]
[    0.218980] e820: reserve RAM buffer [mem 0x3fff0000-0x3fffffff]
[    0.219207] NetLabel: Initializing
[    0.219442] NetLabel:  domain hash size = 128
[    0.219576] NetLabel:  protocols = UNLABELED CIPSOv4 CALIPSO
[    0.219576] NetLabel:  unlabeled traffic allowed by default
[    0.219576] clocksource: Switched to clocksource tsc-early
[    0.356305] VFS: Disk quotas dquot_6.6.0
[    0.356555] VFS: Dquot-cache hash table entries: 512 (order 0, 4096 bytes)
[    0.356921] pnp: PnP ACPI init
[    0.357245] pnp 00:00: Plug and Play ACPI device, IDs PNP0303 (active)
[    0.357374] pnp 00:01: Plug and Play ACPI device, IDs PNP0f03 (active)
[    0.357968] pnp: PnP ACPI: found 2 devices
[    0.363641] clocksource: acpi_pm: mask: 0xffffff max_cycles: 0xffffff, max_idle_ns: 2085701024 ns
[    0.363953] pci_bus 0000:00: resource 4 [io  0x0000-0x0cf7 window]
[    0.364157] pci_bus 0000:00: resource 5 [io  0x0d00-0xffff window]
[    0.364412] pci_bus 0000:00: resource 6 [mem 0x000a0000-0x000bffff window]
[    0.364722] pci_bus 0000:00: resource 7 [mem 0x40000000-0xfdffffff window]
[    0.365028] NET: Registered protocol family 2
[    0.365474] tcp_listen_portaddr_hash hash table entries: 512 (order: 1, 8192 bytes, linear)
[    0.365891] TCP established hash table entries: 8192 (order: 4, 65536 bytes, linear)
[    0.365952] TCP bind hash table entries: 8192 (order: 5, 131072 bytes, linear)
[    0.366591] TCP: Hash tables configured (established 8192 bind 8192)
[    0.367026] UDP hash table entries: 512 (order: 2, 16384 bytes, linear)
[    0.367289] UDP-Lite hash table entries: 512 (order: 2, 16384 bytes, linear)
[    0.367690] NET: Registered protocol family 1
[    0.368266] RPC: Registered named UNIX socket transport module.
[    0.368492] RPC: Registered udp transport module.
[    0.368690] RPC: Registered tcp transport module.
[    0.368837] RPC: Registered tcp NFSv4.1 backchannel transport module.
[    0.369265] pci 0000:00:00.0: Limiting direct PCI/PCI transfers
[    0.369572] pci 0000:00:01.0: Activating ISA DMA hang workarounds
[    0.369886] pci 0000:00:02.0: Video device with shadowed ROM at [mem 0x000c0000-0x000dffff]
[    0.371951] PCI: CLS 0 bytes, default 64
[    0.372337] platform rtc_cmos: registered platform RTC device (no PNP device found)
[    0.372811] check: Scanning for low memory corruption every 60 seconds
[    0.372936] Initialise system trusted keyrings
[    0.373674] workingset: timestamp_bits=56 max_order=18 bucket_order=0
[    0.376001] NFS: Registering the id_resolver key type
[    0.376003] Key type id_resolver registered
[    0.376003] Key type id_legacy registered
[    0.380972] Key type asymmetric registered
[    0.381132] Asymmetric key parser 'x509' registered
[    0.381304] Block layer SCSI generic (bsg) driver version 0.4 loaded (major 251)
[    0.381321] io scheduler mq-deadline registered
[    0.381321] io scheduler kyber registered
[    0.381939] ACPI: AC Adapter [AC] (on-line)
[    0.382065] input: Power Button as /devices/LNXSYSTM:00/LNXPWRBN:00/input/input0
[    0.382616] ACPI: Power Button [PWRF]
[    0.382906] input: Sleep Button as /devices/LNXSYSTM:00/LNXSLPBN:00/input/input1
[    0.383089] ACPI: Sleep Button [SLPF]
[    0.383453] ACPI: Video Device [GFX0] (multi-head: yes  rom: no  post: no)
[    0.383724] input: Video Bus as /devices/LNXSYSTM:00/LNXSYBUS:00/PNP0A03:00/LNXVIDEO:00/input/input2
[    0.384555] battery: ACPI: Battery Slot [BAT0] (battery present)
[    0.384819] Serial: 8250/16550 driver, 4 ports, IRQ sharing enabled
[    0.385183] Non-volatile memory driver v1.3
[    0.385183] Linux agpgart interface v0.103
[    0.387517] loop: module loaded
[    0.387819] ahci 0000:00:0d.0: version 3.0
[    0.388374] ahci 0000:00:0d.0: SSS flag set, parallel bus scan disabled
[    0.388812] ahci 0000:00:0d.0: AHCI 0001.0100 32 slots 2 ports 3 Gbps 0x3 impl SATA mode
[    0.389186] ahci 0000:00:0d.0: flags: 64bit ncq stag only ccc 
[    0.389650] scsi host0: ahci
[    0.389982] scsi host1: ahci
[    0.390229] ata1: SATA max UDMA/133 abar m8192@0xf1842000 port 0xf1842100 irq 21
[    0.390490] ata2: SATA max UDMA/133 abar m8192@0xf1842000 port 0xf1842180 irq 21
[    0.390490] ata_piix 0000:00:01.1: version 2.13
[    0.392234] scsi host2: ata_piix
[    0.392483] scsi host3: ata_piix
[    0.392731] ata3: PATA max UDMA/33 cmd 0x1f0 ctl 0x3f6 bmdma 0xd000 irq 14
[    0.393004] ata4: PATA max UDMA/33 cmd 0x170 ctl 0x376 bmdma 0xd008 irq 15
[    0.393328] e100: Intel(R) PRO/100 Network Driver, 3.5.24-k2-NAPI
[    0.393328] e100: Copyright(c) 1999-2006 Intel Corporation
[    0.393328] e1000: Intel(R) PRO/1000 Network Driver - version 7.3.21-k8-NAPI
[    0.393328] e1000: Copyright (c) 1999-2006 Intel Corporation.
[    0.565935] ata3.00: ATAPI: VBOX CD-ROM, 1.0, max UDMA/133
[    0.721090] ata1: SATA link up 3.0 Gbps (SStatus 123 SControl 300)
[    0.721743] ata1.00: ATA-6: VBOX HARDDISK, 1.0, max UDMA/133
[    0.721957] ata1.00: 31457280 sectors, multi 128: LBA48 NCQ (depth 32)
[    0.722511] ata1.00: configured for UDMA/133
[    0.722512] scsi 0:0:0:0: Direct-Access     ATA      VBOX HARDDISK    1.0  PQ: 0 ANSI: 5
[    0.723054] scsi 0:0:0:0: Attached scsi generic sg0 type 0
[    0.723983] sd 0:0:0:0: [sda] 31457280 512-byte logical blocks: (16.1 GB/15.0 GiB)
[    0.724370] sd 0:0:0:0: [sda] Write Protect is off
[    0.724602] sd 0:0:0:0: [sda] Mode Sense: 00 3a 00 00
[    0.724612] sd 0:0:0:0: [sda] Write cache: enabled, read cache: enabled, doesn't support DPO or FUA
[    0.739397] e1000 0000:00:03.0 eth0: (PCI:33MHz:32-bit) 08:00:27:d9:f0:80
[    0.739684] e1000 0000:00:03.0 eth0: Intel(R) PRO/1000 Network Connection
[    0.742857]  sda: sda1 sda2 sda3 sda4
[    0.743368] sd 0:0:0:0: [sda] Attached SCSI disk
[    1.040147] ata2: SATA link up 3.0 Gbps (SStatus 123 SControl 300)
[    1.040597] ata2.00: ATA-6: VBOX HARDDISK, 1.0, max UDMA/133
[    1.040621] ata2.00: 67108864 sectors, multi 128: LBA48 NCQ (depth 32)
[    1.044770] ata2.00: configured for UDMA/133
[    1.045016] scsi 1:0:0:0: Direct-Access     ATA      VBOX HARDDISK    1.0  PQ: 0 ANSI: 5
[    1.045492] sd 1:0:0:0: [sdb] 67108864 512-byte logical blocks: (34.4 GB/32.0 GiB)
[    1.045607] sd 1:0:0:0: [sdb] Write Protect is off
[    1.045607] sd 1:0:0:0: [sdb] Mode Sense: 00 3a 00 00
[    1.045607] sd 1:0:0:0: [sdb] Write cache: enabled, read cache: enabled, doesn't support DPO or FUA
[    1.047778] sd 1:0:0:0: Attached scsi generic sg1 type 0
[    1.052229] scsi 2:0:0:0: CD-ROM            VBOX     CD-ROM           1.0  PQ: 0 ANSI: 5
[    1.053924] sr 2:0:0:0: [sr0] scsi3-mmc drive: 32x/32x xa/form2 tray
[    1.054411] cdrom: Uniform CD-ROM driver Revision: 3.20
[    1.055552] sr 2:0:0:0: Attached scsi CD-ROM sr0
[    1.055987] sr 2:0:0:0: Attached scsi generic sg2 type 5
[    1.057630]  sdb: sdb1 sdb2
[    1.058081] sd 1:0:0:0: [sdb] Attached SCSI disk
[    1.085727] e1000 0000:00:08.0 eth1: (PCI:33MHz:32-bit) 08:00:27:fc:8f:aa
[    1.085900] e1000 0000:00:08.0 eth1: Intel(R) PRO/1000 Network Connection
[    1.085900] e1000e: Intel(R) PRO/1000 Network Driver - 3.2.6-k
[    1.085900] e1000e: Copyright(c) 1999 - 2015 Intel Corporation.
[    1.085900] sky2: driver version 1.30
[    1.085900] ehci_hcd: USB 2.0 'Enhanced' Host Controller (EHCI) Driver
[    1.085900] ehci-pci: EHCI PCI platform driver
[    1.089531] ehci-pci 0000:00:0b.0: EHCI Host Controller
[    1.089684] ehci-pci 0000:00:0b.0: new USB bus registered, assigned bus number 1
[    1.090327] ehci-pci 0000:00:0b.0: irq 19, io mem 0xf1840000
[    1.097926] ehci-pci 0000:00:0b.0: USB 2.0 started, EHCI 1.00
[    1.098416] usb usb1: New USB device found, idVendor=1d6b, idProduct=0002, bcdDevice= 5.07
[    1.098856] usb usb1: New USB device strings: Mfr=3, Product=2, SerialNumber=1
[    1.098856] usb usb1: Product: EHCI Host Controller
[    1.098856] usb usb1: Manufacturer: Linux 5.7.0-rc3-thor_kernel-00137-gb0d4ef3c5754 ehci_hcd
[    1.098856] usb usb1: SerialNumber: 0000:00:0b.0
[    1.101102] hub 1-0:1.0: USB hub found
[    1.101467] hub 1-0:1.0: 12 ports detected
[    1.101860] ohci_hcd: USB 1.1 'Open' Host Controller (OHCI) Driver
[    1.102107] ohci-pci: OHCI PCI platform driver
[    1.102695] ohci-pci 0000:00:06.0: OHCI PCI host controller
[    1.103069] ohci-pci 0000:00:06.0: new USB bus registered, assigned bus number 2
[    1.103560] ohci-pci 0000:00:06.0: irq 22, io mem 0xf1804000
[    1.157199] usb usb2: New USB device found, idVendor=1d6b, idProduct=0001, bcdDevice= 5.07
[    1.157788] usb usb2: New USB device strings: Mfr=3, Product=2, SerialNumber=1
[    1.158143] usb usb2: Product: OHCI PCI host controller
[    1.158490] usb usb2: Manufacturer: Linux 5.7.0-rc3-thor_kernel-00137-gb0d4ef3c5754 ohci_hcd
[    1.158755] usb usb2: SerialNumber: 0000:00:06.0
[    1.159186] hub 2-0:1.0: USB hub found
[    1.159414] hub 2-0:1.0: 12 ports detected
[    1.159962] uhci_hcd: USB Universal Host Controller Interface driver
[    1.160321] usbcore: registered new interface driver usblp
[    1.160613] usbcore: registered new interface driver usb-storage
[    1.161249] i8042: PNP: PS/2 Controller [PNP0303:PS2K,PNP0f03:PS2M] at 0x60,0x64 irq 1,12
[    1.162210] serio: i8042 KBD port at 0x60,0x64 irq 1
[    1.162484] serio: i8042 AUX port at 0x60,0x64 irq 12
[    1.162993] input: AT Translated Set 2 keyboard as /devices/platform/i8042/serio0/input/input3
[    1.164448] rtc_cmos rtc_cmos: registered as rtc0
[    1.164582] rtc_cmos rtc_cmos: alarms up to one day, 114 bytes nvram
[    1.165485] device-mapper: ioctl: 4.42.0-ioctl (2020-02-27) initialised: dm-devel@redhat.com
[    1.165773] hid: raw HID events driver (C) Jiri Kosina
[    1.166069] usbcore: registered new interface driver usbhid
[    1.166257] usbhid: USB HID core driver
[    1.166700] Initializing XFRM netlink socket
[    1.166952] NET: Registered protocol family 10
[    1.167373] Segment Routing with IPv6
[    1.167562] sit: IPv6, IPv4 and MPLS over IPv4 tunneling driver
[    1.167648] NET: Registered protocol family 17
[    1.168201] Key type dns_resolver registered
[    1.168516] IPI shorthand broadcast: enabled
[    1.168594] sched_clock: Marking stable (1175435633, -7423856)->(1172331473, -4319696)
[    1.168995] registered taskstats version 1
[    1.169155] Loading compiled-in X.509 certificates
[    1.169729] PM:   Magic number: 4:83:594
[    1.169975] printk: console [netcon0] enabled
[    1.170189] netconsole: network logging started
[    1.170586] cfg80211: Loading compiled-in X.509 certificates for regulatory database
[    1.171927] cfg80211: Loaded X.509 cert 'sforshee: 00b28ddf47aef9cea7'
[    1.172256] ALSA device list:
[    1.172474]   No soundcards found.
[    1.172735] platform regulatory.0: Direct firmware load for regulatory.db failed with error -2
[    1.173075] cfg80211: failed to load regulatory.db
[    1.371191] random: fast init done
[    1.371807] input: ImExPS/2 Generic Explorer Mouse as /devices/platform/i8042/serio1/input/input5
[    1.372624] md: Waiting for all devices to be available before autodetect
[    1.372825] md: If you don't use raid, use raid=noautodetect
[    1.373093] md: Autodetecting RAID arrays.
[    1.373240] md: autorun ...
[    1.373386] md: ... autorun DONE.
[    1.378117] EXT4-fs (sda4): mounted filesystem with ordered data mode. Opts: (null)
[    1.378684] VFS: Mounted root (ext4 filesystem) readonly on device 8:4.
[    1.381189] devtmpfs: mounted
[    1.381723] Freeing unused kernel image (initmem) memory: 1172K
[    1.382083] Write protecting the kernel read-only data: 20480k
[    1.382888] Freeing unused kernel image (text/rodata gap) memory: 2040K
[    1.383435] Freeing unused kernel image (rodata/data gap) memory: 732K
[    1.383672] Run /sbin/init as init process
[    1.383833]   with arguments:
[    1.383834]     /sbin/init
[    1.383834]   with environment:
[    1.383834]     HOME=/
[    1.383834]     TERM=linux
[    1.383835]     BOOT_IMAGE=/vmlinuz-5.7.0-rc3-thor_kernel-00137-gb0d4ef3c5754
[    1.432739] clocksource: tsc: mask: 0xffffffffffffffff max_cycles: 0x2069688e466, max_idle_ns: 440795308572 ns
[    1.433292] clocksource: Switched to clocksource tsc
[    1.453446] stty (102) used greatest stack depth: 13672 bytes left
[    1.550752] usb 2-1: new full-speed USB device number 2 using ohci-pci
[    1.585499] ip (154) used greatest stack depth: 12456 bytes left
[    1.620622] udevd[179]: starting version 3.2.8
[    1.627909] random: udevd: uninitialized urandom read (16 bytes read)
[    1.628737] random: udevd: uninitialized urandom read (16 bytes read)
[    1.629960] random: udevd: uninitialized urandom read (16 bytes read)
[    1.648459] udevd[180]: starting eudev-3.2.8
[    1.709483] e1000 0000:00:03.0 enp0s3: renamed from eth0
[    1.715755] e1000 0000:00:08.0 enp0s8: renamed from eth1
[    1.784860] usb 2-1: New USB device found, idVendor=80ee, idProduct=0021, bcdDevice= 1.00
[    1.785344] usb 2-1: New USB device strings: Mfr=1, Product=3, SerialNumber=0
[    1.785809] usb 2-1: Product: USB Tablet
[    1.785922] usb 2-1: Manufacturer: VirtualBox
[    1.797653] input: VirtualBox USB Tablet as /devices/pci0000:00/0000:00:06.0/usb2/2-1/2-1:1.0/0003:80EE:0021.0001/input/input6
[    1.798672] hid-generic 0003:80EE:0021.0001: input,hidraw0: USB HID v1.10 Mouse [VirtualBox USB Tablet] on usb-0000:00:06.0-1/input0
[    2.305267] random: crng init done
[    2.305617] random: 3 urandom warning(s) missed due to ratelimiting
[    2.332250] Adding 2097148k swap on /dev/sda3.  Priority:1 extents:1 across:2097148k 
[    2.368257] EXT4-fs (sda4): re-mounted. Opts: (null)
[    2.412958] EXT4-fs (sda4): re-mounted. Opts: (null)
[    2.431646] EXT4-fs (sda2): mounted filesystem with ordered data mode. Opts: (null)
[    2.435781] EXT4-fs (sdb1): mounted filesystem with ordered data mode. Opts: (null)
[    2.439871] EXT4-fs (sdb2): mounted filesystem with ordered data mode. Opts: (null)
[    4.614132] e1000: enp0s3 NIC Link is Up 1000 Mbps Full Duplex, Flow Control: RX
[    4.614959] IPv6: ADDRCONF(NETDEV_CHANGE): enp0s3: link becomes ready
[    4.714216] e1000: enp0s8 NIC Link is Up 1000 Mbps Full Duplex, Flow Control: RX
[    4.714849] IPv6: ADDRCONF(NETDEV_CHANGE): enp0s8: link becomes ready
